2026-08-20 10:06:21  Дата       : 20260819
2026-08-20 10:06:21  Цикл       : 12
2026-08-20 10:06:21  Источник   : nomads
2026-08-20 10:06:21  Режим      : полный файл
2026-08-20 10:06:21  Регион     : весь земной шар
2026-08-20 10:06:21  Точка      : 55.7558:37.6172, окно ±5° (leftlon=32.6172 rightlon=42.6172 toplat=60.7558 bottomlat=50.7558), vars=HGT:TMP:UGRD:VGRD:PRMSL:RH, levs=1000_mb:975_mb:950_mb:925_mb:900_mb:850_mb:800_mb:750_mb:700_mb:650_mb:600_mb:550_mb:500_mb:450_mb:400_mb:350_mb:surface:2_m_above_ground:10_m_above_ground:mean_sea_level
2026-08-20 10:06:21  Диапазон   : f000 - f000
2026-08-20 10:06:21  Скачивание gfs.t12z.pgrb2.0p25.f000
2026-08-20 10:06:21  URL (point filter): https://nomads.ncep.noaa.gov/cgi-bin/filter_gfs_0p25.pl?file=gfs.t12z.pgrb2.0p25.f000&var_HGT=on&var_TMP=on&var_UGRD=on&var_VGRD=on&var_PRMSL=on&var_RH=on&lev_1000_mb=on&lev_975_mb=on&lev_950_mb=on&lev_925_mb=on&lev_900_mb=on&lev_850_mb=on&lev_800_mb=on&lev_750_mb=on&lev_700_mb=on&lev_650_mb=on&lev_600_mb=on&lev_550_mb=on&lev_500_mb=on&lev_450_mb=on&lev_400_mb=on&lev_350_mb=on&lev_surface=on&lev_2_m_above_ground=on&lev_10_m_above_ground=on&lev_mean_sea_level=on&subregion=&leftlon=32.6172&rightlon=42.6172&toplat=60.7558&bottomlat=50.7558&dir=%2Fgfs.20260819%2F12%2Fatmos
2026-08-20 10:06:26  Размер: 207573 байт
2026-08-20 10:06:26  f000 успешно скачан (точка 55.7558:37.6172).
2026-08-20 10:18:04  Дата       : 20260819
2026-08-20 10:18:04  Цикл       : 12
2026-08-20 10:18:04  Источник   : nomads
2026-08-20 10:18:04  Режим      : полный файл
2026-08-20 10:18:04  Регион     : весь земной шар
2026-08-20 10:18:04  Точка      : 55.7558:37.6172, окно ±5° (leftlon=32.6172 rightlon=42.6172 toplat=60.7558 bottomlat=50.7558), vars=HGT:TMP:UGRD:VGRD:PRMSL:RH, levs=1000_mb:975_mb:950_mb:925_mb:900_mb:850_mb:800_mb:750_mb:700_mb:650_mb:600_mb:550_mb:500_mb:450_mb:400_mb:350_mb:surface:2_m_above_ground:10_m_above_ground:mean_sea_level
2026-08-20 10:18:04  Диапазон   : f000 - f000
2026-08-20 10:18:04  f000 уже существует.
2026-08-20 15:53:53  Дата       : 20260819
2026-08-20 15:53:53  Цикл       : 12
2026-08-20 15:53:53  Источник   : nomads
2026-08-20 15:53:53  Режим      : полный файл
2026-08-20 15:53:53  Регион     : весь земной шар
2026-08-20 15:53:53  Точка      : 55.7558:37.6172, окно ±5° (leftlon=32.6172 rightlon=42.6172 toplat=60.7558 bottomlat=50.7558), vars=HGT:TMP:UGRD:VGRD:PRMSL:RH, levs=1000_mb:975_mb:950_mb:925_mb:900_mb:850_mb:800_mb:750_mb:700_mb:650_mb:600_mb:550_mb:500_mb:450_mb:400_mb:350_mb:surface:2_m_above_ground:10_m_above_ground:mean_sea_level
2026-08-20 15:53:53  Диапазон   : f000 - f000
2026-08-20 15:53:53  f000 уже существует.
